Archive member included to satisfy reference by file (symbol)

/usr/lib/gcc/arm-none-eabi/4.9.3/../../../arm-none-eabi/lib/armv7-m/libc_nano.a(lib_a-atexit.o)
                              /usr/lib/gcc/arm-none-eabi/4.9.3/../../../arm-none-eabi/lib/armv7-m/crt0.o (atexit)
/usr/lib/gcc/arm-none-eabi/4.9.3/../../../arm-none-eabi/lib/armv7-m/libc_nano.a(lib_a-exit.o)
                              /usr/lib/gcc/arm-none-eabi/4.9.3/../../../arm-none-eabi/lib/armv7-m/crt0.o (exit)
/usr/lib/gcc/arm-none-eabi/4.9.3/../../../arm-none-eabi/lib/armv7-m/libc_nano.a(lib_a-fini.o)
                              /usr/lib/gcc/arm-none-eabi/4.9.3/../../../arm-none-eabi/lib/armv7-m/crt0.o (__libc_fini_array)
/usr/lib/gcc/arm-none-eabi/4.9.3/../../../arm-none-eabi/lib/armv7-m/libc_nano.a(lib_a-impure.o)
                              /usr/lib/gcc/arm-none-eabi/4.9.3/../../../arm-none-eabi/lib/armv7-m/libc_nano.a(lib_a-exit.o) (_global_impure_ptr)
/usr/lib/gcc/arm-none-eabi/4.9.3/../../../arm-none-eabi/lib/armv7-m/libc_nano.a(lib_a-init.o)
                              /usr/lib/gcc/arm-none-eabi/4.9.3/../../../arm-none-eabi/lib/armv7-m/crt0.o (__libc_init_array)
/usr/lib/gcc/arm-none-eabi/4.9.3/../../../arm-none-eabi/lib/armv7-m/libc_nano.a(lib_a-memset.o)
                              /usr/lib/gcc/arm-none-eabi/4.9.3/../../../arm-none-eabi/lib/armv7-m/crt0.o (memset)
/usr/lib/gcc/arm-none-eabi/4.9.3/../../../arm-none-eabi/lib/armv7-m/libc_nano.a(lib_a-__atexit.o)
                              /usr/lib/gcc/arm-none-eabi/4.9.3/../../../arm-none-eabi/lib/armv7-m/libc_nano.a(lib_a-atexit.o) (__register_exitproc)
/usr/lib/gcc/arm-none-eabi/4.9.3/../../../arm-none-eabi/lib/armv7-m/libc_nano.a(lib_a-__call_atexit.o)
                              /usr/lib/gcc/arm-none-eabi/4.9.3/../../../arm-none-eabi/lib/armv7-m/libc_nano.a(lib_a-__atexit.o) (__call_exitprocs)
/usr/lib/gcc/arm-none-eabi/4.9.3/../../../arm-none-eabi/lib/armv7-m/libnosys.a(_exit.o)
                              /usr/lib/gcc/arm-none-eabi/4.9.3/../../../arm-none-eabi/lib/armv7-m/libc_nano.a(lib_a-exit.o) (_exit)

Discarded input sections

 .text          0x00000000        0x0 /usr/lib/gcc/arm-none-eabi/4.9.3/armv7-m/crti.o
 .data          0x00000000        0x0 /usr/lib/gcc/arm-none-eabi/4.9.3/armv7-m/crti.o
 .bss           0x00000000        0x0 /usr/lib/gcc/arm-none-eabi/4.9.3/armv7-m/crti.o
 .data          0x00000000        0x4 /usr/lib/gcc/arm-none-eabi/4.9.3/armv7-m/crtbegin.o
 .data          0x00000000        0x0 /usr/lib/gcc/arm-none-eabi/4.9.3/../../../arm-none-eabi/lib/armv7-m/crt0.o
 .bss           0x00000000        0x0 /usr/lib/gcc/arm-none-eabi/4.9.3/../../../arm-none-eabi/lib/armv7-m/crt0.o
 .ARM.extab     0x00000000        0x0 /usr/lib/gcc/arm-none-eabi/4.9.3/../../../arm-none-eabi/lib/armv7-m/crt0.o
 .text          0x00000000        0x0 obj/main.c.o
 .data          0x00000000        0x0 obj/main.c.o
 .bss           0x00000000        0x0 obj/main.c.o
 .text          0x00000000        0x0 obj/hardware/SPL/src/stm32f10x_rcc.c.o
 .data          0x00000000        0x0 obj/hardware/SPL/src/stm32f10x_rcc.c.o
 .bss           0x00000000        0x0 obj/hardware/SPL/src/stm32f10x_rcc.c.o
 .text.RCC_DeInit
                0x00000000       0x40 obj/hardware/SPL/src/stm32f10x_rcc.c.o
 .text.RCC_HSEConfig
                0x00000000       0x38 obj/hardware/SPL/src/stm32f10x_rcc.c.o
 .text.RCC_WaitForHSEStartUp
                0x00000000       0x34 obj/hardware/SPL/src/stm32f10x_rcc.c.o
 .text.RCC_AdjustHSICalibrationValue
                0x00000000       0x14 obj/hardware/SPL/src/stm32f10x_rcc.c.o
 .text.RCC_HSICmd
                0x00000000        0xc obj/hardware/SPL/src/stm32f10x_rcc.c.o
 .text.RCC_PLLConfig
                0x00000000       0x14 obj/hardware/SPL/src/stm32f10x_rcc.c.o
 .text.RCC_PLLCmd
                0x00000000        0xc obj/hardware/SPL/src/stm32f10x_rcc.c.o
 .text.RCC_SYSCLKConfig
                0x00000000       0x14 obj/hardware/SPL/src/stm32f10x_rcc.c.o
 .text.RCC_GetSYSCLKSource
                0x00000000       0x10 obj/hardware/SPL/src/stm32f10x_rcc.c.o
 .text.RCC_HCLKConfig
                0x00000000       0x14 obj/hardware/SPL/src/stm32f10x_rcc.c.o
 .text.RCC_PCLK1Config
                0x00000000       0x14 obj/hardware/SPL/src/stm32f10x_rcc.c.o
 .text.RCC_PCLK2Config
                0x00000000       0x14 obj/hardware/SPL/src/stm32f10x_rcc.c.o
 .text.RCC_ITConfig
                0x00000000       0x18 obj/hardware/SPL/src/stm32f10x_rcc.c.o
 .text.RCC_USBCLKConfig
                0x00000000        0xc obj/hardware/SPL/src/stm32f10x_rcc.c.o
 .text.RCC_ADCCLKConfig
                0x00000000       0x14 obj/hardware/SPL/src/stm32f10x_rcc.c.o
 .text.RCC_LSEConfig
                0x00000000       0x20 obj/hardware/SPL/src/stm32f10x_rcc.c.o
 .text.RCC_LSICmd
                0x00000000        0xc obj/hardware/SPL/src/stm32f10x_rcc.c.o
 .text.RCC_RTCCLKConfig
                0x00000000       0x10 obj/hardware/SPL/src/stm32f10x_rcc.c.o
 .text.RCC_RTCCLKCmd
                0x00000000        0xc obj/hardware/SPL/src/stm32f10x_rcc.c.o
 .text.RCC_AHBPeriphClockCmd
                0x00000000       0x18 obj/hardware/SPL/src/stm32f10x_rcc.c.o
 .text.RCC_APB1PeriphClockCmd
                0x00000000       0x18 obj/hardware/SPL/src/stm32f10x_rcc.c.o
 .text.RCC_APB2PeriphResetCmd
                0x00000000       0x18 obj/hardware/SPL/src/stm32f10x_rcc.c.o
 .text.RCC_APB1PeriphResetCmd
                0x00000000       0x18 obj/hardware/SPL/src/stm32f10x_rcc.c.o
 .text.RCC_BackupResetCmd
                0x00000000        0xc obj/hardware/SPL/src/stm32f10x_rcc.c.o
 .text.RCC_ClockSecuritySystemCmd
                0x00000000        0xc obj/hardware/SPL/src/stm32f10x_rcc.c.o
 .text.RCC_MCOConfig
                0x00000000        0xc obj/hardware/SPL/src/stm32f10x_rcc.c.o
 .text.RCC_GetFlagStatus
                0x00000000       0x34 obj/hardware/SPL/src/stm32f10x_rcc.c.o
 .text.RCC_ClearFlag
                0x00000000       0x10 obj/hardware/SPL/src/stm32f10x_rcc.c.o
 .text.RCC_GetITStatus
                0x00000000       0x14 obj/hardware/SPL/src/stm32f10x_rcc.c.o
 .text.RCC_ClearITPendingBit
                0x00000000        0xc obj/hardware/SPL/src/stm32f10x_rcc.c.o
 .text          0x00000000        0x0 obj/hardware/SPL/src/stm32f10x_gpio.c.o
 .data          0x00000000        0x0 obj/hardware/SPL/src/stm32f10x_gpio.c.o
 .bss           0x00000000        0x0 obj/hardware/SPL/src/stm32f10x_gpio.c.o
 .text.GPIO_DeInit
                0x00000000       0xdc obj/hardware/SPL/src/stm32f10x_gpio.c.o
 .text.GPIO_AFIODeInit
                0x00000000       0x18 obj/hardware/SPL/src/stm32f10x_gpio.c.o
 .text.GPIO_StructInit
                0x00000000       0x10 obj/hardware/SPL/src/stm32f10x_gpio.c.o
 .text.GPIO_ReadInputDataBit
                0x00000000        0xc obj/hardware/SPL/src/stm32f10x_gpio.c.o
 .text.GPIO_ReadInputData
                0x00000000        0x8 obj/hardware/SPL/src/stm32f10x_gpio.c.o
 .text.GPIO_ReadOutputDataBit
                0x00000000        0xc obj/hardware/SPL/src/stm32f10x_gpio.c.o
 .text.GPIO_ReadOutputData
                0x00000000        0x8 obj/hardware/SPL/src/stm32f10x_gpio.c.o
 .text.GPIO_SetBits
                0x00000000        0x4 obj/hardware/SPL/src/stm32f10x_gpio.c.o
 .text.GPIO_ResetBits
                0x00000000        0x4 obj/hardware/SPL/src/stm32f10x_gpio.c.o
 .text.GPIO_Write
                0x00000000        0x4 obj/hardware/SPL/src/stm32f10x_gpio.c.o
 .text.GPIO_PinLockConfig
                0x00000000       0x10 obj/hardware/SPL/src/stm32f10x_gpio.c.o
 .text.GPIO_EventOutputConfig
                0x00000000       0x20 obj/hardware/SPL/src/stm32f10x_gpio.c.o
 .text.GPIO_EventOutputCmd
                0x00000000        0xc obj/hardware/SPL/src/stm32f10x_gpio.c.o
 .text.GPIO_PinRemapConfig
                0x00000000       0x6c obj/hardware/SPL/src/stm32f10x_gpio.c.o
 .text.GPIO_EXTILineConfig
                0x00000000       0x30 obj/hardware/SPL/src/stm32f10x_gpio.c.o
 .text.GPIO_ETH_MediaInterfaceConfig
                0x00000000        0xc obj/hardware/SPL/src/stm32f10x_gpio.c.o
 .text          0x00000000        0x0 obj/hardware/SPL/src/stm32f10x_dma.c.o
 .data          0x00000000        0x0 obj/hardware/SPL/src/stm32f10x_dma.c.o
 .bss           0x00000000        0x0 obj/hardware/SPL/src/stm32f10x_dma.c.o
 .text.DMA_DeInit
                0x00000000      0x128 obj/hardware/SPL/src/stm32f10x_dma.c.o
 .text.DMA_Init
                0x00000000       0x40 obj/hardware/SPL/src/stm32f10x_dma.c.o
 .text.DMA_StructInit
                0x00000000       0x1c obj/hardware/SPL/src/stm32f10x_dma.c.o
 .text.DMA_Cmd  0x00000000       0x18 obj/hardware/SPL/src/stm32f10x_dma.c.o
 .text.DMA_ITConfig
                0x00000000       0x14 obj/hardware/SPL/src/stm32f10x_dma.c.o
 .text.DMA_SetCurrDataCounter
                0x00000000        0x4 obj/hardware/SPL/src/stm32f10x_dma.c.o
 .text.DMA_GetCurrDataCounter
                0x00000000        0x8 obj/hardware/SPL/src/stm32f10x_dma.c.o
 .text.DMA_GetFlagStatus
                0x00000000       0x1c obj/hardware/SPL/src/stm32f10x_dma.c.o
 .text.DMA_ClearFlag
                0x00000000       0x14 obj/hardware/SPL/src/stm32f10x_dma.c.o
 .text.DMA_GetITStatus
                0x00000000       0x1c obj/hardware/SPL/src/stm32f10x_dma.c.o
 .text.DMA_ClearITPendingBit
                0x00000000       0x14 obj/hardware/SPL/src/stm32f10x_dma.c.o
 .comment       0x00000000       0x39 obj/hardware/SPL/src/stm32f10x_dma.c.o
 .ARM.attributes
                0x00000000       0x33 obj/hardware/SPL/src/stm32f10x_dma.c.o
 .text          0x00000000        0x0 obj/hardware/src/system_stm32f10x.c.o
 .data          0x00000000        0x0 obj/hardware/src/system_stm32f10x.c.o
 .bss           0x00000000        0x0 obj/hardware/src/system_stm32f10x.c.o
 .text.SystemCoreClockUpdate
                0x00000000       0x5c obj/hardware/src/system_stm32f10x.c.o
 .data.AHBPrescTable
                0x00000000       0x10 obj/hardware/src/system_stm32f10x.c.o
 .data.SystemCoreClock
                0x00000000        0x4 obj/hardware/src/system_stm32f10x.c.o
 .data          0x00000000        0x0 obj/startup_stm32f10x_md.S.o
 .bss           0x00000000        0x0 obj/startup_stm32f10x_md.S.o
 .text          0x00000000        0x0 /usr/lib/gcc/arm-none-eabi/4.9.3/../../../arm-none-eabi/lib/armv7-m/libc_nano.a(lib_a-atexit.o)
 .data          0x00000000        0x0 /usr/lib/gcc/arm-none-eabi/4.9.3/../../../arm-none-eabi/lib/armv7-m/libc_nano.a(lib_a-atexit.o)
 .bss           0x00000000        0x0 /usr/lib/gcc/arm-none-eabi/4.9.3/../../../arm-none-eabi/lib/armv7-m/libc_nano.a(lib_a-atexit.o)
 .text          0x00000000        0x0 /usr/lib/gcc/arm-none-eabi/4.9.3/../../../arm-none-eabi/lib/armv7-m/libc_nano.a(lib_a-exit.o)
 .data          0x00000000        0x0 /usr/lib/gcc/arm-none-eabi/4.9.3/../../../arm-none-eabi/lib/armv7-m/libc_nano.a(lib_a-exit.o)
 .bss           0x00000000        0x0 /usr/lib/gcc/arm-none-eabi/4.9.3/../../../arm-none-eabi/lib/armv7-m/libc_nano.a(lib_a-exit.o)
 .text          0x00000000        0x0 /usr/lib/gcc/arm-none-eabi/4.9.3/../../../arm-none-eabi/lib/armv7-m/libc_nano.a(lib_a-fini.o)
 .data          0x00000000        0x0 /usr/lib/gcc/arm-none-eabi/4.9.3/../../../arm-none-eabi/lib/armv7-m/libc_nano.a(lib_a-fini.o)
 .bss           0x00000000        0x0 /usr/lib/gcc/arm-none-eabi/4.9.3/../../../arm-none-eabi/lib/armv7-m/libc_nano.a(lib_a-fini.o)
 .text          0x00000000        0x0 /usr/lib/gcc/arm-none-eabi/4.9.3/../../../arm-none-eabi/lib/armv7-m/libc_nano.a(lib_a-impure.o)
 .data          0x00000000        0x0 /usr/lib/gcc/arm-none-eabi/4.9.3/../../../arm-none-eabi/lib/armv7-m/libc_nano.a(lib_a-impure.o)
 .bss           0x00000000        0x0 /usr/lib/gcc/arm-none-eabi/4.9.3/../../../arm-none-eabi/lib/armv7-m/libc_nano.a(lib_a-impure.o)
 .data._impure_ptr
                0x00000000        0x4 /usr/lib/gcc/arm-none-eabi/4.9.3/../../../arm-none-eabi/lib/armv7-m/libc_nano.a(lib_a-impure.o)
 .text          0x00000000        0x0 /usr/lib/gcc/arm-none-eabi/4.9.3/../../../arm-none-eabi/lib/armv7-m/libc_nano.a(lib_a-init.o)
 .data          0x00000000        0x0 /usr/lib/gcc/arm-none-eabi/4.9.3/../../../arm-none-eabi/lib/armv7-m/libc_nano.a(lib_a-init.o)
 .bss           0x00000000        0x0 /usr/lib/gcc/arm-none-eabi/4.9.3/../../../arm-none-eabi/lib/armv7-m/libc_nano.a(lib_a-init.o)
 .text          0x00000000        0x0 /usr/lib/gcc/arm-none-eabi/4.9.3/../../../arm-none-eabi/lib/armv7-m/libc_nano.a(lib_a-memset.o)
 .data          0x00000000        0x0 /usr/lib/gcc/arm-none-eabi/4.9.3/../../../arm-none-eabi/lib/armv7-m/libc_nano.a(lib_a-memset.o)
 .bss           0x00000000        0x0 /usr/lib/gcc/arm-none-eabi/4.9.3/../../../arm-none-eabi/lib/armv7-m/libc_nano.a(lib_a-memset.o)
 .text          0x00000000        0x0 /usr/lib/gcc/arm-none-eabi/4.9.3/../../../arm-none-eabi/lib/armv7-m/libc_nano.a(lib_a-__atexit.o)
 .data          0x00000000        0x0 /usr/lib/gcc/arm-none-eabi/4.9.3/../../../arm-none-eabi/lib/armv7-m/libc_nano.a(lib_a-__atexit.o)
 .bss           0x00000000        0x0 /usr/lib/gcc/arm-none-eabi/4.9.3/../../../arm-none-eabi/lib/armv7-m/libc_nano.a(lib_a-__atexit.o)
 .data.__atexit_dummy
                0x00000000        0x4 /usr/lib/gcc/arm-none-eabi/4.9.3/../../../arm-none-eabi/lib/armv7-m/libc_nano.a(lib_a-__atexit.o)
 .text          0x00000000        0x0 /usr/lib/gcc/arm-none-eabi/4.9.3/../../../arm-none-eabi/lib/armv7-m/libc_nano.a(lib_a-__call_atexit.o)
 .data          0x00000000        0x0 /usr/lib/gcc/arm-none-eabi/4.9.3/../../../arm-none-eabi/lib/armv7-m/libc_nano.a(lib_a-__call_atexit.o)
 .bss           0x00000000        0x0 /usr/lib/gcc/arm-none-eabi/4.9.3/../../../arm-none-eabi/lib/armv7-m/libc_nano.a(lib_a-__call_atexit.o)
 .text          0x00000000        0x0 /usr/lib/gcc/arm-none-eabi/4.9.3/../../../arm-none-eabi/lib/armv7-m/libnosys.a(_exit.o)
 .data          0x00000000        0x0 /usr/lib/gcc/arm-none-eabi/4.9.3/../../../arm-none-eabi/lib/armv7-m/libnosys.a(_exit.o)
 .bss           0x00000000        0x0 /usr/lib/gcc/arm-none-eabi/4.9.3/../../../arm-none-eabi/lib/armv7-m/libnosys.a(_exit.o)
 .text          0x00000000        0x0 /usr/lib/gcc/arm-none-eabi/4.9.3/armv7-m/crtend.o
 .data          0x00000000        0x0 /usr/lib/gcc/arm-none-eabi/4.9.3/armv7-m/crtend.o
 .bss           0x00000000        0x0 /usr/lib/gcc/arm-none-eabi/4.9.3/armv7-m/crtend.o
 .jcr           0x00000000        0x4 /usr/lib/gcc/arm-none-eabi/4.9.3/armv7-m/crtend.o
 .text          0x00000000        0x0 /usr/lib/gcc/arm-none-eabi/4.9.3/armv7-m/crtn.o
 .data          0x00000000        0x0 /usr/lib/gcc/arm-none-eabi/4.9.3/armv7-m/crtn.o
 .bss           0x00000000        0x0 /usr/lib/gcc/arm-none-eabi/4.9.3/armv7-m/crtn.o

Memory Configuration

Name             Origin             Length             Attributes
ROM              0x08000000         0x00080000         xr
RAM              0x20000000         0x00010000         xrw
*default*        0x00000000         0xffffffff

Linker script and memory map

LOAD /usr/lib/gcc/arm-none-eabi/4.9.3/armv7-m/crti.o
LOAD /usr/lib/gcc/arm-none-eabi/4.9.3/armv7-m/crtbegin.o
LOAD /usr/lib/gcc/arm-none-eabi/4.9.3/../../../arm-none-eabi/lib/armv7-m/crt0.o
                0x00000000                __HEAP_SIZE = 0x0
                0x00000100                __STACK_SIZE = 0x100

.text           0x08000000      0x828
 *(.isr_vector)
 .isr_vector    0x08000000       0xec obj/startup_stm32f10x_md.S.o
                0x08000000                __isr_vector
 *(.text*)
 .text          0x080000ec       0xa4 /usr/lib/gcc/arm-none-eabi/4.9.3/armv7-m/crtbegin.o
 .text          0x08000190       0x68 /usr/lib/gcc/arm-none-eabi/4.9.3/../../../arm-none-eabi/lib/armv7-m/crt0.o
                0x08000190                _mainCRTStartup
                0x08000190                _start
 .text.delay_ms
                0x080001f8       0x34 obj/main.c.o
                0x080001f8                delay_ms
 .text.startup.main
                0x0800022c       0x50 obj/main.c.o
                0x0800022c                main
 .text.RCC_GetClocksFreq
                0x0800027c       0x9c obj/hardware/SPL/src/stm32f10x_rcc.c.o
                0x0800027c                RCC_GetClocksFreq
 .text.RCC_APB2PeriphClockCmd
                0x08000318       0x18 obj/hardware/SPL/src/stm32f10x_rcc.c.o
                0x08000318                RCC_APB2PeriphClockCmd
 .text.GPIO_Init
                0x08000330       0xc4 obj/hardware/SPL/src/stm32f10x_gpio.c.o
                0x08000330                GPIO_Init
 .text.GPIO_WriteBit
                0x080003f4        0xc obj/hardware/SPL/src/stm32f10x_gpio.c.o
                0x080003f4                GPIO_WriteBit
 .text.SystemInit
                0x08000400      0x104 obj/hardware/src/system_stm32f10x.c.o
                0x08000400                SystemInit
 .text          0x08000504       0xb8 obj/startup_stm32f10x_md.S.o
                0x08000504                Reset_Handler
                0x0800054a                NMI_Handler
                0x0800054c                HardFault_Handler
                0x0800054e                MemManage_Handler
                0x08000550                BusFault_Handler
                0x08000552                UsageFault_Handler
                0x08000554                SVC_Handler
                0x08000556                DebugMon_Handler
                0x08000558                PendSV_Handler
                0x0800055a                SysTick_Handler
                0x0800055c                Default_Handler
                0x0800055e                WWDG_IRQHandler
                0x08000560                PVD_IRQHandler
                0x08000562                TAMPER_IRQHandler
                0x08000564                RTC_IRQHandler
                0x08000566                FLASH_IRQHandler
                0x08000568                RCC_IRQHandler
                0x0800056a                EXTI0_IRQHandler
                0x0800056c                EXTI1_IRQHandler
                0x0800056e                EXTI2_IRQHandler
                0x08000570                EXTI3_IRQHandler
                0x08000572                EXTI4_IRQHandler
                0x08000574                DMA1_Channel1_IRQHandler
                0x08000576                DMA1_Channel2_IRQHandler
                0x08000578                DMA1_Channel3_IRQHandler
                0x0800057a                DMA1_Channel4_IRQHandler
                0x0800057c                DMA1_Channel5_IRQHandler
                0x0800057e                DMA1_Channel6_IRQHandler
                0x08000580                DMA1_Channel7_IRQHandler
                0x08000582                ADC1_2_IRQHandler
                0x08000584                USB_HP_CAN1_TX_IRQHandler
                0x08000586                USB_LP_CAN1_RX0_IRQHandler
                0x08000588                CAN1_RX1_IRQHandler
                0x0800058a                CAN1_SCE_IRQHandler
                0x0800058c                EXTI9_5_IRQHandler
                0x0800058e                TIM1_BRK_IRQHandler
                0x08000590                TIM1_UP_IRQHandler
                0x08000592                TIM1_TRG_COM_IRQHandler
                0x08000594                TIM1_CC_IRQHandler
                0x08000596                TIM2_IRQHandler
                0x08000598                TIM3_IRQHandler
                0x0800059a                TIM4_IRQHandler
                0x0800059c                I2C1_EV_IRQHandler
                0x0800059e                I2C1_ER_IRQHandler
                0x080005a0                I2C2_EV_IRQHandler
                0x080005a2                I2C2_ER_IRQHandler
                0x080005a4                SPI1_IRQHandler
                0x080005a6                SPI2_IRQHandler
                0x080005a8                USART1_IRQHandler
                0x080005aa                USART2_IRQHandler
                0x080005ac                USART3_IRQHandler
                0x080005ae                EXTI15_10_IRQHandler
                0x080005b0                RTCAlarm_IRQHandler
                0x080005b2                USBWakeUp_IRQHandler
 .text.atexit   0x080005bc        0xc /usr/lib/gcc/arm-none-eabi/4.9.3/../../../arm-none-eabi/lib/armv7-m/libc_nano.a(lib_a-atexit.o)
                0x080005bc                atexit
 .text.exit     0x080005c8       0x28 /usr/lib/gcc/arm-none-eabi/4.9.3/../../../arm-none-eabi/lib/armv7-m/libc_nano.a(lib_a-exit.o)
                0x080005c8                exit
 .text.__libc_fini_array
                0x080005f0       0x28 /usr/lib/gcc/arm-none-eabi/4.9.3/../../../arm-none-eabi/lib/armv7-m/libc_nano.a(lib_a-fini.o)
                0x080005f0                __libc_fini_array
 .text.__libc_init_array
                0x08000618       0x4c /usr/lib/gcc/arm-none-eabi/4.9.3/../../../arm-none-eabi/lib/armv7-m/libc_nano.a(lib_a-init.o)
                0x08000618                __libc_init_array
 .text.memset   0x08000664       0x10 /usr/lib/gcc/arm-none-eabi/4.9.3/../../../arm-none-eabi/lib/armv7-m/libc_nano.a(lib_a-memset.o)
                0x08000664                memset
 .text.__register_exitproc
                0x08000674       0xb8 /usr/lib/gcc/arm-none-eabi/4.9.3/../../../arm-none-eabi/lib/armv7-m/libc_nano.a(lib_a-__atexit.o)
                0x08000674                __register_exitproc
 .text.__call_exitprocs
                0x0800072c       0xd4 /usr/lib/gcc/arm-none-eabi/4.9.3/../../../arm-none-eabi/lib/armv7-m/libc_nano.a(lib_a-__call_atexit.o)
                0x0800072c                __call_exitprocs
 .text._exit    0x08000800        0x4 /usr/lib/gcc/arm-none-eabi/4.9.3/../../../arm-none-eabi/lib/armv7-m/libnosys.a(_exit.o)
                0x08000800                _exit
 *(.init)
 .init          0x08000804        0x4 /usr/lib/gcc/arm-none-eabi/4.9.3/armv7-m/crti.o
                0x08000804                _init
 .init          0x08000808        0x8 /usr/lib/gcc/arm-none-eabi/4.9.3/armv7-m/crtn.o
 *(.fini)
 .fini          0x08000810        0x4 /usr/lib/gcc/arm-none-eabi/4.9.3/armv7-m/crti.o
                0x08000810                _fini
 .fini          0x08000814        0x8 /usr/lib/gcc/arm-none-eabi/4.9.3/armv7-m/crtn.o
 *crtbegin.o(.ctors)
 *crtbegin?.o(.ctors)
 *(EXCLUDE_FILE(*crtend.o *crtend?.o) .ctors)
 *(SORT(.ctors.*))
 *(.ctors)
 *crtbegin.o(.dtors)
 *crtbegin?.o(.dtors)
 *(EXCLUDE_FILE(*crtend.o *crtend?.o) .dtors)
 *(SORT(.dtors.*))
 *(.dtors)
 *(.rodata*)
 .rodata.str1.1
                0x0800081c        0x2 /usr/lib/gcc/arm-none-eabi/4.9.3/../../../arm-none-eabi/lib/armv7-m/libc_nano.a(lib_a-impure.o)
 *fill*         0x0800081e        0x2 
 .rodata._global_impure_ptr
                0x08000820        0x4 /usr/lib/gcc/arm-none-eabi/4.9.3/../../../arm-none-eabi/lib/armv7-m/libc_nano.a(lib_a-impure.o)
                0x08000820                _global_impure_ptr
 *(.eh_frame*)
 .eh_frame      0x08000824        0x0 /usr/lib/gcc/arm-none-eabi/4.9.3/armv7-m/crtbegin.o
 .eh_frame      0x08000824        0x4 /usr/lib/gcc/arm-none-eabi/4.9.3/armv7-m/crtend.o

.glue_7         0x08000828        0x0
 .glue_7        0x08000828        0x0 linker stubs

.glue_7t        0x08000828        0x0
 .glue_7t       0x08000828        0x0 linker stubs

.vfp11_veneer   0x08000828        0x0
 .vfp11_veneer  0x08000828        0x0 linker stubs

.v4_bx          0x08000828        0x0
 .v4_bx         0x08000828        0x0 linker stubs

.iplt           0x08000828        0x0
 .iplt          0x08000828        0x0 /usr/lib/gcc/arm-none-eabi/4.9.3/armv7-m/crtbegin.o

.ARM.extab
 *(.ARM.extab* .gnu.linkonce.armextab.*)
                0x08000828                __exidx_start = .

.ARM.exidx      0x08000828        0x8
 *(.ARM.exidx* .gnu.linkonce.armexidx.*)
 .ARM.exidx     0x08000828        0x8 /usr/lib/gcc/arm-none-eabi/4.9.3/../../../arm-none-eabi/lib/armv7-m/crt0.o
                0x08000830                __exidx_end = .
                0x08000830                __etext = .

.rel.dyn        0x08000830        0x0
 .rel.iplt      0x08000830        0x0 /usr/lib/gcc/arm-none-eabi/4.9.3/armv7-m/crtbegin.o

.data           0x20000000       0x7c load address 0x08000830
                0x20000000                __data_start__ = .
 *(vtable)
 *(.data*)
 .data.ADCPrescTable
                0x20000000        0x4 obj/hardware/SPL/src/stm32f10x_rcc.c.o
 .data.APBAHBPrescTable
                0x20000004       0x10 obj/hardware/SPL/src/stm32f10x_rcc.c.o
 .data.impure_data
                0x20000014       0x60 /usr/lib/gcc/arm-none-eabi/4.9.3/../../../arm-none-eabi/lib/armv7-m/libc_nano.a(lib_a-impure.o)
                0x20000074                . = ALIGN (0x4)
                0x20000074                PROVIDE (__preinit_array_start, .)
 *(.preinit_array)
                0x20000074                PROVIDE (__preinit_array_end, .)
                0x20000074                . = ALIGN (0x4)
                0x20000074                PROVIDE (__init_array_start, .)
 *(SORT(.init_array.*))
 *(.init_array)
 .init_array    0x20000074        0x4 /usr/lib/gcc/arm-none-eabi/4.9.3/armv7-m/crtbegin.o
                0x20000078                PROVIDE (__init_array_end, .)
                0x20000078                . = ALIGN (0x4)
                0x20000078                PROVIDE (__fini_array_start, .)
 *(SORT(.fini_array.*))
 *(.fini_array)
 .fini_array    0x20000078        0x4 /usr/lib/gcc/arm-none-eabi/4.9.3/armv7-m/crtbegin.o
                0x2000007c                PROVIDE (__fini_array_end, .)
                0x2000007c                . = ALIGN (0x4)
                0x2000007c                __data_end__ = .

.jcr            0x2000007c        0x0 load address 0x080008ac
 .jcr           0x2000007c        0x0 /usr/lib/gcc/arm-none-eabi/4.9.3/armv7-m/crtbegin.o

.tm_clone_table
                0x2000007c        0x0 load address 0x080008ac
 .tm_clone_table
                0x2000007c        0x0 /usr/lib/gcc/arm-none-eabi/4.9.3/armv7-m/crtbegin.o
 .tm_clone_table
                0x2000007c        0x0 /usr/lib/gcc/arm-none-eabi/4.9.3/armv7-m/crtend.o

.igot.plt       0x2000007c        0x0 load address 0x080008ac
 .igot.plt      0x2000007c        0x0 /usr/lib/gcc/arm-none-eabi/4.9.3/armv7-m/crtbegin.o

.bss            0x2000007c       0xac load address 0x080008ac
                0x2000007c                __bss_start__ = .
 *(.bss*)
 .bss           0x2000007c       0x1c /usr/lib/gcc/arm-none-eabi/4.9.3/armv7-m/crtbegin.o
 .bss._global_atexit0
                0x20000098       0x8c /usr/lib/gcc/arm-none-eabi/4.9.3/../../../arm-none-eabi/lib/armv7-m/libc_nano.a(lib_a-__atexit.o)
 .bss._global_atexit
                0x20000124        0x4 /usr/lib/gcc/arm-none-eabi/4.9.3/../../../arm-none-eabi/lib/armv7-m/libc_nano.a(lib_a-__call_atexit.o)
                0x20000124                _global_atexit
 *(COMMON)
                0x20000128                __bss_end__ = .

.heap           0x20000128        0x0
                0x20000128                __end__ = .
                0x20000128                end = __end__
 *(.heap*)
 .heap          0x20000128        0x0 obj/startup_stm32f10x_md.S.o
                0x20000128                __HeapLimit = .

.stack_dummy    0x20000128      0x100
 *(.stack)
 .stack         0x20000128      0x100 obj/startup_stm32f10x_md.S.o
                0x20010000                __StackTop = (ORIGIN (RAM) + LENGTH (RAM))
                0x2000ff00                __StackLimit = (__StackTop - SIZEOF (.stack_dummy))
                0x20010000                PROVIDE (__stack, __StackTop)
                0x00000001                ASSERT ((__StackLimit >= __HeapLimit), region RAM overflowed with stack)
LOAD obj/main.c.o
LOAD obj/hardware/SPL/src/stm32f10x_rcc.c.o
LOAD obj/hardware/SPL/src/stm32f10x_gpio.c.o
LOAD obj/hardware/SPL/src/stm32f10x_dma.c.o
LOAD obj/hardware/src/system_stm32f10x.c.o
LOAD obj/startup_stm32f10x_md.S.o
LOAD /usr/lib/gcc/arm-none-eabi/4.9.3/../../../arm-none-eabi/lib/armv7-m/libm.a
START GROUP
LOAD /usr/lib/gcc/arm-none-eabi/4.9.3/armv7-m/libgcc.a
LOAD /usr/lib/gcc/arm-none-eabi/4.9.3/../../../arm-none-eabi/lib/armv7-m/libc_nano.a
END GROUP
START GROUP
LOAD /usr/lib/gcc/arm-none-eabi/4.9.3/armv7-m/libgcc.a
LOAD /usr/lib/gcc/arm-none-eabi/4.9.3/../../../arm-none-eabi/lib/armv7-m/libc_nano.a
LOAD /usr/lib/gcc/arm-none-eabi/4.9.3/../../../arm-none-eabi/lib/armv7-m/libnosys.a
END GROUP
START GROUP
LOAD /usr/lib/gcc/arm-none-eabi/4.9.3/armv7-m/libgcc.a
LOAD /usr/lib/gcc/arm-none-eabi/4.9.3/../../../arm-none-eabi/lib/armv7-m/libc_nano.a
LOAD /usr/lib/gcc/arm-none-eabi/4.9.3/../../../arm-none-eabi/lib/armv7-m/libnosys.a
END GROUP
LOAD /usr/lib/gcc/arm-none-eabi/4.9.3/armv7-m/crtend.o
LOAD /usr/lib/gcc/arm-none-eabi/4.9.3/armv7-m/crtn.o
OUTPUT(bin/led.elf elf32-littlearm)

.ARM.attributes
                0x00000000       0x29
 .ARM.attributes
                0x00000000       0x1d /usr/lib/gcc/arm-none-eabi/4.9.3/armv7-m/crti.o
 .ARM.attributes
                0x0000001d       0x2d /usr/lib/gcc/arm-none-eabi/4.9.3/armv7-m/crtbegin.o
 .ARM.attributes
                0x0000004a       0x1b /usr/lib/gcc/arm-none-eabi/4.9.3/../../../arm-none-eabi/lib/armv7-m/crt0.o
 .ARM.attributes
                0x00000065       0x33 obj/main.c.o
 .ARM.attributes
                0x00000098       0x33 obj/hardware/SPL/src/stm32f10x_rcc.c.o
 .ARM.attributes
                0x000000cb       0x33 obj/hardware/SPL/src/stm32f10x_gpio.c.o
 .ARM.attributes
                0x000000fe       0x33 obj/hardware/src/system_stm32f10x.c.o
 .ARM.attributes
                0x00000131       0x1b obj/startup_stm32f10x_md.S.o
 .ARM.attributes
                0x0000014c       0x2d /usr/lib/gcc/arm-none-eabi/4.9.3/../../../arm-none-eabi/lib/armv7-m/libc_nano.a(lib_a-atexit.o)
 .ARM.attributes
                0x00000179       0x2d /usr/lib/gcc/arm-none-eabi/4.9.3/../../../arm-none-eabi/lib/armv7-m/libc_nano.a(lib_a-exit.o)
 .ARM.attributes
                0x000001a6       0x2d /usr/lib/gcc/arm-none-eabi/4.9.3/../../../arm-none-eabi/lib/armv7-m/libc_nano.a(lib_a-fini.o)
 .ARM.attributes
                0x000001d3       0x2d /usr/lib/gcc/arm-none-eabi/4.9.3/../../../arm-none-eabi/lib/armv7-m/libc_nano.a(lib_a-impure.o)
 .ARM.attributes
                0x00000200       0x2d /usr/lib/gcc/arm-none-eabi/4.9.3/../../../arm-none-eabi/lib/armv7-m/libc_nano.a(lib_a-init.o)
 .ARM.attributes
                0x0000022d       0x2d /usr/lib/gcc/arm-none-eabi/4.9.3/../../../arm-none-eabi/lib/armv7-m/libc_nano.a(lib_a-memset.o)
 .ARM.attributes
                0x0000025a       0x2d /usr/lib/gcc/arm-none-eabi/4.9.3/../../../arm-none-eabi/lib/armv7-m/libc_nano.a(lib_a-__atexit.o)
 .ARM.attributes
                0x00000287       0x2d /usr/lib/gcc/arm-none-eabi/4.9.3/../../../arm-none-eabi/lib/armv7-m/libc_nano.a(lib_a-__call_atexit.o)
 .ARM.attributes
                0x000002b4       0x2d /usr/lib/gcc/arm-none-eabi/4.9.3/../../../arm-none-eabi/lib/armv7-m/libnosys.a(_exit.o)
 .ARM.attributes
                0x000002e1       0x2d /usr/lib/gcc/arm-none-eabi/4.9.3/armv7-m/crtend.o
 .ARM.attributes
                0x0000030e       0x1d /usr/lib/gcc/arm-none-eabi/4.9.3/armv7-m/crtn.o

.comment        0x00000000       0x70
 .comment       0x00000000       0x38 /usr/lib/gcc/arm-none-eabi/4.9.3/armv7-m/crtbegin.o
                                 0x39 (size before relaxing)
 .comment       0x00000038       0x39 obj/main.c.o
 .comment       0x00000038       0x39 obj/hardware/SPL/src/stm32f10x_rcc.c.o
 .comment       0x00000038       0x39 obj/hardware/SPL/src/stm32f10x_gpio.c.o
 .comment       0x00000038       0x39 obj/hardware/src/system_stm32f10x.c.o
 .comment       0x00000038       0x38 /usr/lib/gcc/arm-none-eabi/4.9.3/../../../arm-none-eabi/lib/armv7-m/libc_nano.a(lib_a-atexit.o)
                                 0x39 (size before relaxing)
 .comment       0x00000070       0x39 /usr/lib/gcc/arm-none-eabi/4.9.3/../../../arm-none-eabi/lib/armv7-m/libc_nano.a(lib_a-exit.o)
 .comment       0x00000070       0x39 /usr/lib/gcc/arm-none-eabi/4.9.3/../../../arm-none-eabi/lib/armv7-m/libc_nano.a(lib_a-fini.o)
 .comment       0x00000070       0x39 /usr/lib/gcc/arm-none-eabi/4.9.3/../../../arm-none-eabi/lib/armv7-m/libc_nano.a(lib_a-impure.o)
 .comment       0x00000070       0x39 /usr/lib/gcc/arm-none-eabi/4.9.3/../../../arm-none-eabi/lib/armv7-m/libc_nano.a(lib_a-init.o)
 .comment       0x00000070       0x39 /usr/lib/gcc/arm-none-eabi/4.9.3/../../../arm-none-eabi/lib/armv7-m/libc_nano.a(lib_a-memset.o)
 .comment       0x00000070       0x39 /usr/lib/gcc/arm-none-eabi/4.9.3/../../../arm-none-eabi/lib/armv7-m/libc_nano.a(lib_a-__atexit.o)
 .comment       0x00000070       0x39 /usr/lib/gcc/arm-none-eabi/4.9.3/../../../arm-none-eabi/lib/armv7-m/libc_nano.a(lib_a-__call_atexit.o)
 .comment       0x00000070       0x39 /usr/lib/gcc/arm-none-eabi/4.9.3/../../../arm-none-eabi/lib/armv7-m/libnosys.a(_exit.o)
 .comment       0x00000070       0x39 /usr/lib/gcc/arm-none-eabi/4.9.3/armv7-m/crtend.o

.debug_line     0x00000000      0x92e
 .debug_line    0x00000000       0x7b /usr/lib/gcc/arm-none-eabi/4.9.3/../../../arm-none-eabi/lib/armv7-m/crt0.o
 .debug_line    0x0000007b       0xc1 /usr/lib/gcc/arm-none-eabi/4.9.3/../../../arm-none-eabi/lib/armv7-m/libc_nano.a(lib_a-atexit.o)
 .debug_line    0x0000013c      0x168 /usr/lib/gcc/arm-none-eabi/4.9.3/../../../arm-none-eabi/lib/armv7-m/libc_nano.a(lib_a-exit.o)
 .debug_line    0x000002a4       0x9b /usr/lib/gcc/arm-none-eabi/4.9.3/../../../arm-none-eabi/lib/armv7-m/libc_nano.a(lib_a-fini.o)
 .debug_line    0x0000033f       0xf1 /usr/lib/gcc/arm-none-eabi/4.9.3/../../../arm-none-eabi/lib/armv7-m/libc_nano.a(lib_a-impure.o)
 .debug_line    0x00000430       0xb7 /usr/lib/gcc/arm-none-eabi/4.9.3/../../../arm-none-eabi/lib/armv7-m/libc_nano.a(lib_a-init.o)
 .debug_line    0x000004e7       0xee /usr/lib/gcc/arm-none-eabi/4.9.3/../../../arm-none-eabi/lib/armv7-m/libc_nano.a(lib_a-memset.o)
 .debug_line    0x000005d5      0x17c /usr/lib/gcc/arm-none-eabi/4.9.3/../../../arm-none-eabi/lib/armv7-m/libc_nano.a(lib_a-__atexit.o)
 .debug_line    0x00000751      0x180 /usr/lib/gcc/arm-none-eabi/4.9.3/../../../arm-none-eabi/lib/armv7-m/libc_nano.a(lib_a-__call_atexit.o)
 .debug_line    0x000008d1       0x5d /usr/lib/gcc/arm-none-eabi/4.9.3/../../../arm-none-eabi/lib/armv7-m/libnosys.a(_exit.o)

.debug_info     0x00000000     0x18c2
 .debug_info    0x00000000       0xa8 /usr/lib/gcc/arm-none-eabi/4.9.3/../../../arm-none-eabi/lib/armv7-m/crt0.o
 .debug_info    0x000000a8      0x10a /usr/lib/gcc/arm-none-eabi/4.9.3/../../../arm-none-eabi/lib/armv7-m/libc_nano.a(lib_a-atexit.o)
 .debug_info    0x000001b2      0x7a6 /usr/lib/gcc/arm-none-eabi/4.9.3/../../../arm-none-eabi/lib/armv7-m/libc_nano.a(lib_a-exit.o)
 .debug_info    0x00000958       0xeb /usr/lib/gcc/arm-none-eabi/4.9.3/../../../arm-none-eabi/lib/armv7-m/libc_nano.a(lib_a-fini.o)
 .debug_info    0x00000a43      0x7d3 /usr/lib/gcc/arm-none-eabi/4.9.3/../../../arm-none-eabi/lib/armv7-m/libc_nano.a(lib_a-impure.o)
 .debug_info    0x00001216      0x105 /usr/lib/gcc/arm-none-eabi/4.9.3/../../../arm-none-eabi/lib/armv7-m/libc_nano.a(lib_a-init.o)
 .debug_info    0x0000131b       0xd3 /usr/lib/gcc/arm-none-eabi/4.9.3/../../../arm-none-eabi/lib/armv7-m/libc_nano.a(lib_a-memset.o)
 .debug_info    0x000013ee      0x23b /usr/lib/gcc/arm-none-eabi/4.9.3/../../../arm-none-eabi/lib/armv7-m/libc_nano.a(lib_a-__atexit.o)
 .debug_info    0x00001629      0x241 /usr/lib/gcc/arm-none-eabi/4.9.3/../../../arm-none-eabi/lib/armv7-m/libc_nano.a(lib_a-__call_atexit.o)
 .debug_info    0x0000186a       0x58 /usr/lib/gcc/arm-none-eabi/4.9.3/../../../arm-none-eabi/lib/armv7-m/libnosys.a(_exit.o)

.debug_abbrev   0x00000000      0x8d2
 .debug_abbrev  0x00000000       0x14 /usr/lib/gcc/arm-none-eabi/4.9.3/../../../arm-none-eabi/lib/armv7-m/crt0.o
 .debug_abbrev  0x00000014       0xb8 /usr/lib/gcc/arm-none-eabi/4.9.3/../../../arm-none-eabi/lib/armv7-m/libc_nano.a(lib_a-atexit.o)
 .debug_abbrev  0x000000cc      0x18b /usr/lib/gcc/arm-none-eabi/4.9.3/../../../arm-none-eabi/lib/armv7-m/libc_nano.a(lib_a-exit.o)
 .debug_abbrev  0x00000257       0xbb /usr/lib/gcc/arm-none-eabi/4.9.3/../../../arm-none-eabi/lib/armv7-m/libc_nano.a(lib_a-fini.o)
 .debug_abbrev  0x00000312      0x136 /usr/lib/gcc/arm-none-eabi/4.9.3/../../../arm-none-eabi/lib/armv7-m/libc_nano.a(lib_a-impure.o)
 .debug_abbrev  0x00000448       0xba /usr/lib/gcc/arm-none-eabi/4.9.3/../../../arm-none-eabi/lib/armv7-m/libc_nano.a(lib_a-init.o)
 .debug_abbrev  0x00000502       0x8e /usr/lib/gcc/arm-none-eabi/4.9.3/../../../arm-none-eabi/lib/armv7-m/libc_nano.a(lib_a-memset.o)
 .debug_abbrev  0x00000590      0x180 /usr/lib/gcc/arm-none-eabi/4.9.3/../../../arm-none-eabi/lib/armv7-m/libc_nano.a(lib_a-__atexit.o)
 .debug_abbrev  0x00000710      0x16d /usr/lib/gcc/arm-none-eabi/4.9.3/../../../arm-none-eabi/lib/armv7-m/libc_nano.a(lib_a-__call_atexit.o)
 .debug_abbrev  0x0000087d       0x55 /usr/lib/gcc/arm-none-eabi/4.9.3/../../../arm-none-eabi/lib/armv7-m/libnosys.a(_exit.o)

.debug_aranges  0x00000000      0x138
 .debug_aranges
                0x00000000       0x20 /usr/lib/gcc/arm-none-eabi/4.9.3/../../../arm-none-eabi/lib/armv7-m/crt0.o
 .debug_aranges
                0x00000020       0x20 /usr/lib/gcc/arm-none-eabi/4.9.3/../../../arm-none-eabi/lib/armv7-m/libc_nano.a(lib_a-atexit.o)
 .debug_aranges
                0x00000040       0x20 /usr/lib/gcc/arm-none-eabi/4.9.3/../../../arm-none-eabi/lib/armv7-m/libc_nano.a(lib_a-exit.o)
 .debug_aranges
                0x00000060       0x20 /usr/lib/gcc/arm-none-eabi/4.9.3/../../../arm-none-eabi/lib/armv7-m/libc_nano.a(lib_a-fini.o)
 .debug_aranges
                0x00000080       0x18 /usr/lib/gcc/arm-none-eabi/4.9.3/../../../arm-none-eabi/lib/armv7-m/libc_nano.a(lib_a-impure.o)
 .debug_aranges
                0x00000098       0x20 /usr/lib/gcc/arm-none-eabi/4.9.3/../../../arm-none-eabi/lib/armv7-m/libc_nano.a(lib_a-init.o)
 .debug_aranges
                0x000000b8       0x20 /usr/lib/gcc/arm-none-eabi/4.9.3/../../../arm-none-eabi/lib/armv7-m/libc_nano.a(lib_a-memset.o)
 .debug_aranges
                0x000000d8       0x20 /usr/lib/gcc/arm-none-eabi/4.9.3/../../../arm-none-eabi/lib/armv7-m/libc_nano.a(lib_a-__atexit.o)
 .debug_aranges
                0x000000f8       0x20 /usr/lib/gcc/arm-none-eabi/4.9.3/../../../arm-none-eabi/lib/armv7-m/libc_nano.a(lib_a-__call_atexit.o)
 .debug_aranges
                0x00000118       0x20 /usr/lib/gcc/arm-none-eabi/4.9.3/../../../arm-none-eabi/lib/armv7-m/libnosys.a(_exit.o)

.debug_loc      0x00000000      0x414
 .debug_loc     0x00000000       0x2c /usr/lib/gcc/arm-none-eabi/4.9.3/../../../arm-none-eabi/lib/armv7-m/libc_nano.a(lib_a-atexit.o)
 .debug_loc     0x0000002c       0x1e /usr/lib/gcc/arm-none-eabi/4.9.3/../../../arm-none-eabi/lib/armv7-m/libc_nano.a(lib_a-exit.o)
 .debug_loc     0x0000004a       0x2b /usr/lib/gcc/arm-none-eabi/4.9.3/../../../arm-none-eabi/lib/armv7-m/libc_nano.a(lib_a-fini.o)
 .debug_loc     0x00000075       0x48 /usr/lib/gcc/arm-none-eabi/4.9.3/../../../arm-none-eabi/lib/armv7-m/libc_nano.a(lib_a-init.o)
 .debug_loc     0x000000bd       0x49 /usr/lib/gcc/arm-none-eabi/4.9.3/../../../arm-none-eabi/lib/armv7-m/libc_nano.a(lib_a-memset.o)
 .debug_loc     0x00000106      0x1a2 /usr/lib/gcc/arm-none-eabi/4.9.3/../../../arm-none-eabi/lib/armv7-m/libc_nano.a(lib_a-__atexit.o)
 .debug_loc     0x000002a8      0x16c /usr/lib/gcc/arm-none-eabi/4.9.3/../../../arm-none-eabi/lib/armv7-m/libc_nano.a(lib_a-__call_atexit.o)

.debug_ranges   0x00000000       0x80
 .debug_ranges  0x00000000       0x10 /usr/lib/gcc/arm-none-eabi/4.9.3/../../../arm-none-eabi/lib/armv7-m/libc_nano.a(lib_a-atexit.o)
 .debug_ranges  0x00000010       0x10 /usr/lib/gcc/arm-none-eabi/4.9.3/../../../arm-none-eabi/lib/armv7-m/libc_nano.a(lib_a-exit.o)
 .debug_ranges  0x00000020       0x10 /usr/lib/gcc/arm-none-eabi/4.9.3/../../../arm-none-eabi/lib/armv7-m/libc_nano.a(lib_a-fini.o)
 .debug_ranges  0x00000030       0x10 /usr/lib/gcc/arm-none-eabi/4.9.3/../../../arm-none-eabi/lib/armv7-m/libc_nano.a(lib_a-init.o)
 .debug_ranges  0x00000040       0x10 /usr/lib/gcc/arm-none-eabi/4.9.3/../../../arm-none-eabi/lib/armv7-m/libc_nano.a(lib_a-memset.o)
 .debug_ranges  0x00000050       0x10 /usr/lib/gcc/arm-none-eabi/4.9.3/../../../arm-none-eabi/lib/armv7-m/libc_nano.a(lib_a-__atexit.o)
 .debug_ranges  0x00000060       0x10 /usr/lib/gcc/arm-none-eabi/4.9.3/../../../arm-none-eabi/lib/armv7-m/libc_nano.a(lib_a-__call_atexit.o)
 .debug_ranges  0x00000070       0x10 /usr/lib/gcc/arm-none-eabi/4.9.3/../../../arm-none-eabi/lib/armv7-m/libnosys.a(_exit.o)

.debug_str      0x00000000      0xa33
 .debug_str     0x00000000      0x1cf /usr/lib/gcc/arm-none-eabi/4.9.3/../../../arm-none-eabi/lib/armv7-m/libc_nano.a(lib_a-atexit.o)
                                0x20f (size before relaxing)
 .debug_str     0x000001cf      0x379 /usr/lib/gcc/arm-none-eabi/4.9.3/../../../arm-none-eabi/lib/armv7-m/libc_nano.a(lib_a-exit.o)
                                0x544 (size before relaxing)
 .debug_str     0x00000548       0xd5 /usr/lib/gcc/arm-none-eabi/4.9.3/../../../arm-none-eabi/lib/armv7-m/libc_nano.a(lib_a-fini.o)
                                0x207 (size before relaxing)
 .debug_str     0x0000061d       0xe1 /usr/lib/gcc/arm-none-eabi/4.9.3/../../../arm-none-eabi/lib/armv7-m/libc_nano.a(lib_a-impure.o)
                                0x57a (size before relaxing)
 .debug_str     0x000006fe       0x90 /usr/lib/gcc/arm-none-eabi/4.9.3/../../../arm-none-eabi/lib/armv7-m/libc_nano.a(lib_a-init.o)
                                0x231 (size before relaxing)
 .debug_str     0x0000078e       0x9f /usr/lib/gcc/arm-none-eabi/4.9.3/../../../arm-none-eabi/lib/armv7-m/libc_nano.a(lib_a-memset.o)
                                0x1d2 (size before relaxing)
 .debug_str     0x0000082d       0xb4 /usr/lib/gcc/arm-none-eabi/4.9.3/../../../arm-none-eabi/lib/armv7-m/libc_nano.a(lib_a-__atexit.o)
                                0x2b5 (size before relaxing)
 .debug_str     0x000008e1       0x56 /usr/lib/gcc/arm-none-eabi/4.9.3/../../../arm-none-eabi/lib/armv7-m/libc_nano.a(lib_a-__call_atexit.o)
                                0x27b (size before relaxing)
 .debug_str     0x00000937       0xfc /usr/lib/gcc/arm-none-eabi/4.9.3/../../../arm-none-eabi/lib/armv7-m/libnosys.a(_exit.o)
                                0x102 (size before relaxing)

.debug_frame    0x00000000      0x158
 .debug_frame   0x00000000       0x20 /usr/lib/gcc/arm-none-eabi/4.9.3/../../../arm-none-eabi/lib/armv7-m/libc_nano.a(lib_a-atexit.o)
 .debug_frame   0x00000020       0x28 /usr/lib/gcc/arm-none-eabi/4.9.3/../../../arm-none-eabi/lib/armv7-m/libc_nano.a(lib_a-exit.o)
 .debug_frame   0x00000048       0x34 /usr/lib/gcc/arm-none-eabi/4.9.3/../../../arm-none-eabi/lib/armv7-m/libc_nano.a(lib_a-fini.o)
 .debug_frame   0x0000007c       0x2c /usr/lib/gcc/arm-none-eabi/4.9.3/../../../arm-none-eabi/lib/armv7-m/libc_nano.a(lib_a-init.o)
 .debug_frame   0x000000a8       0x20 /usr/lib/gcc/arm-none-eabi/4.9.3/../../../arm-none-eabi/lib/armv7-m/libc_nano.a(lib_a-memset.o)
 .debug_frame   0x000000c8       0x34 /usr/lib/gcc/arm-none-eabi/4.9.3/../../../arm-none-eabi/lib/armv7-m/libc_nano.a(lib_a-__atexit.o)
 .debug_frame   0x000000fc       0x3c /usr/lib/gcc/arm-none-eabi/4.9.3/../../../arm-none-eabi/lib/armv7-m/libc_nano.a(lib_a-__call_atexit.o)
 .debug_frame   0x00000138       0x20 /usr/lib/gcc/arm-none-eabi/4.9.3/../../../arm-none-eabi/lib/armv7-m/libnosys.a(_exit.o)
